// Jest Snapshot v1, https://goo.gl/fbAQLP

exports[`Layout should render Header and Footer components 1`] = `
<div>
  <div>
    <div
      data-testid="header"
    />
    <div
      data-testid="child"
    >
      Child component
    </div>
    <div
      data-testid="footer"
    />
  </div>
</div>
`;

exports[`Layout should render children components 1`] = `
<div>
  <div>
    <div
      data-testid="header"
    />
    <div
      data-testid="child"
    >
      Child component
    </div>
    <div
      data-testid="child"
    >
      Child component
    </div>
    <div
      data-testid="child"
    >
      Child component
    </div>
    <div
      data-testid="footer"
    />
  </div>
</div>
`;
